// Jest Snapshot v1, https://goo.gl/fbAQLP

exports[`ErrorLog/ErrorLog renders correctly 1`] = `
<div
  __source="[object Object]"
>
  <div
    __source="[object Object]"
  >
    <ul
      __source="[object Object]"
      class="nav"
    />
  </div>
  <main
    __source="[object Object]"
  >
    this is index
  </main>
  <div
    __source="[object Object]"
  >
    <ul
      __source="[object Object]"
      class="nav"
    />
  </div>
</div>
`;
